

Thu Nov 30 15:30:28 2023
Command line: TestDisk

TestDisk 7.1, Data Recovery Utility, July 2019
Christophe GRENIER <grenier@cgsecurity.org>
https://www.cgsecurity.org
OS: Linux, kernel 5.10.16.3-microsoft-standard-WSL2 (#1 SMP Fri Apr 2 22:23:49 UTC 2021) x86_64
Compiler: GCC 11.2
ext2fs lib: 1.46.5, ntfs lib: libntfs-3g, reiserfs lib: none, ewf lib: none, curses lib: ncurses 6.3
Warning: can't get size for Disk /dev/mapper/control - 0 B - 0 sectors, sector size=512
Warning: can't get size for Disk /dev/loop0 - 0 B - 0 sectors, sector size=512
Warning: can't get size for Disk /dev/loop1 - 0 B - 0 sectors, sector size=512
Warning: can't get size for Disk /dev/loop2 - 0 B - 0 sectors, sector size=512
Warning: can't get size for Disk /dev/loop3 - 0 B - 0 sectors, sector size=512
Warning: can't get size for Disk /dev/loop4 - 0 B - 0 sectors, sector size=512
Warning: can't get size for Disk /dev/loop5 - 0 B - 0 sectors, sector size=512
Warning: can't get size for Disk /dev/loop6 - 0 B - 0 sectors, sector size=512
Warning: can't get size for Disk /dev/loop7 - 0 B - 0 sectors, sector size=512
Hard disk list
Disk /dev/sda - 274 GB / 256 GiB - CHS 33418 255 63, sector size=512 - Msft Virtual Disk, FW:1.0
Disk /dev/sdb - 274 GB / 256 GiB - CHS 33418 255 63, sector size=512 - Msft Virtual Disk, FW:1.0

Partition table type (auto): None
Disk /dev/sda - 274 GB / 256 GiB - Msft Virtual Disk
Partition table type: Intel

Interface Advanced
Partition table type (auto): None
Disk /dev/sda - 274 GB / 256 GiB - Msft Virtual Disk
Partition table type: EFI GPT

Interface Advanced
Bad GPT partition, invalid signature.
Trying alternate GPT
Bad GPT partition, invalid signature.
Partition table type (auto): None
Disk /dev/sda - 274 GB / 256 GiB - Msft Virtual Disk
Partition table type: Humax

Interface Advanced
0000 00000000 00000000 00000000 00000000   ................
0010 00000000 00000000 00000000 00000000   ................
0020 00000000 00000000 00000000 00000000   ................
0030 00000000 00000000 00000000 00000000   ................
0040 00000000 00000000 00000000 00000000   ................
0050 00000000 00000000 00000000 00000000   ................
0060 00000000 00000000 00000000 00000000   ................
0070 00000000 00000000 00000000 00000000   ................
0080 00000000 00000000 00000000 00000000   ................
0090 00000000 00000000 00000000 00000000   ................
00A0 00000000 00000000 00000000 00000000   ................
00B0 00000000 00000000 00000000 00000000   ................
00C0 00000000 00000000 00000000 00000000   ................
00D0 00000000 00000000 00000000 00000000   ................
00E0 00000000 00000000 00000000 00000000   ................
00F0 00000000 00000000 00000000 00000000   ................
0100 00000000 00000000 00000000 00000000   ................
0110 00000000 00000000 00000000 00000000   ................
0120 00000000 00000000 00000000 00000000   ................
0130 00000000 00000000 00000000 00000000   ................
0140 00000000 00000000 00000000 00000000   ................
0150 00000000 00000000 00000000 00000000   ................
0160 00000000 00000000 00000000 00000000   ................
0170 00000000 00000000 00000000 00000000   ................
0180 00000000 00000000 00000000 00000000   ................
0190 00000000 00000000 00000000 00000000   ................
01A0 00000000 00000000 00000000 00000000   ................
01B0 00000000 00000000 00000000 00000000   ................
01C0 00000000 00000000 00000000 00000000   ................
01D0 00000000 00000000 00000000 00000000   ................
01E0 00000000 00000000 00000000 00000000   ................
01F0 00000000 00000000 00000000 00000000   ................
Partition table type (auto): None
Disk /dev/sda - 274 GB / 256 GiB - Msft Virtual Disk
Partition table type: Sun

Interface Advanced
Partition table type (auto): None
Partition table type (auto): None
Disk /dev/sda - 274 GB / 256 GiB - Msft Virtual Disk
Partition table type: None

Interface Advanced

recover_EXT2: s_block_group_nr=0/2048, s_mnt_count=1/4294967295, s_blocks_per_group=32768, s_inodes_per_group=8192
recover_EXT2: s_blocksize=4096
recover_EXT2: s_blocks_count 67108864
recover_EXT2: part_size 536870912
Filesystem created: Wed Apr 10 11:35:05 2019
Last mount time:    Thu Nov 30 11:42:28 2023
   P ext4                     0   0  1 33418 170 32  536870912
     ext4 blocksize=4096 Large_file Sparse_SB Recover, 274 GB / 256 GiB
Partition table type (auto): None
Disk /dev/sdb - 274 GB / 256 GiB - Msft Virtual Disk
Partition table type: Intel

Interface Advanced
Partition table type (auto): None
Disk /dev/sdb - 274 GB / 256 GiB - Msft Virtual Disk
Partition table type: EFI GPT

Interface Advanced
Bad GPT partition, invalid signature.
Trying alternate GPT
Bad GPT partition, invalid signature.
Partition table type (auto): None
Disk /dev/sdb - 274 GB / 256 GiB - Msft Virtual Disk
Partition table type: None

Interface Advanced

recover_EXT2: s_block_group_nr=0/2048, s_mnt_count=149/4294967295, s_blocks_per_group=32768, s_inodes_per_group=8192
recover_EXT2: s_blocksize=4096
recover_EXT2: s_blocks_count 67108864
recover_EXT2: part_size 536870912
Filesystem created: Wed Apr 10 11:35:05 2019
Last mount time:    Thu Nov 30 11:42:31 2023
   P ext4                     0   0  1 33418 170 32  536870912
     ext4 blocksize=4096 Large_file Sparse_SB Recover, 274 GB / 256 GiB
search_superblock

recover_EXT2: s_block_group_nr=0/2048, s_mnt_count=149/4294967295, s_blocks_per_group=32768, s_inodes_per_group=8192
recover_EXT2: s_blocksize=4096
recover_EXT2: s_blocks_count 67108864
recover_EXT2: part_size 536870912
Filesystem created: Wed Apr 10 11:35:05 2019
Last mount time:    Thu Nov 30 11:42:31 2023
Ext2 superblock found at sector 2 (block=0, blocksize=4096)

block_group_nr 1

recover_EXT2: "e2fsck -b 32768 -B 4096 device" may be needed
recover_EXT2: s_block_group_nr=1/2048, s_mnt_count=0/4294967295, s_blocks_per_group=32768, s_inodes_per_group=8192
recover_EXT2: s_blocksize=4096
recover_EXT2: s_blocks_count 67108864
recover_EXT2: part_size 536870912
Filesystem created: Wed Apr 10 11:35:05 2019
Ext2 superblock found at sector 262144 (block=32768, blocksize=4096)

block_group_nr 3

recover_EXT2: "e2fsck -b 98304 -B 4096 device" may be needed
recover_EXT2: s_block_group_nr=3/2048, s_mnt_count=0/4294967295, s_blocks_per_group=32768, s_inodes_per_group=8192
recover_EXT2: s_blocksize=4096
recover_EXT2: s_blocks_count 67108864
recover_EXT2: part_size 536870912
Filesystem created: Wed Apr 10 11:35:05 2019
Ext2 superblock found at sector 786432 (block=98304, blocksize=4096)

block_group_nr 5

recover_EXT2: "e2fsck -b 163840 -B 4096 device" may be needed
recover_EXT2: s_block_group_nr=5/2048, s_mnt_count=0/4294967295, s_blocks_per_group=32768, s_inodes_per_group=8192
recover_EXT2: s_blocksize=4096
recover_EXT2: s_blocks_count 67108864
recover_EXT2: part_size 536870912
Filesystem created: Wed Apr 10 11:35:05 2019
Ext2 superblock found at sector 1310720 (block=163840, blocksize=4096)

block_group_nr 7

recover_EXT2: "e2fsck -b 229376 -B 4096 device" may be needed
recover_EXT2: s_block_group_nr=7/2048, s_mnt_count=0/4294967295, s_blocks_per_group=32768, s_inodes_per_group=8192
recover_EXT2: s_blocksize=4096
recover_EXT2: s_blocks_count 67108864
recover_EXT2: part_size 536870912
Filesystem created: Wed Apr 10 11:35:05 2019
Ext2 superblock found at sector 1835008 (block=229376, blocksize=4096)

block_group_nr 9

recover_EXT2: "e2fsck -b 294912 -B 4096 device" may be needed
recover_EXT2: s_block_group_nr=9/2048, s_mnt_count=0/4294967295, s_blocks_per_group=32768, s_inodes_per_group=8192
recover_EXT2: s_blocksize=4096
recover_EXT2: s_blocks_count 67108864
recover_EXT2: part_size 536870912
Filesystem created: Wed Apr 10 11:35:05 2019
Ext2 superblock found at sector 2359296 (block=294912, blocksize=4096)

block_group_nr 25

recover_EXT2: "e2fsck -b 819200 -B 4096 device" may be needed
recover_EXT2: s_block_group_nr=25/2048, s_mnt_count=0/4294967295, s_blocks_per_group=32768, s_inodes_per_group=8192
recover_EXT2: s_blocksize=4096
recover_EXT2: s_blocks_count 67108864
recover_EXT2: part_size 536870912
Filesystem created: Wed Apr 10 11:35:05 2019
Ext2 superblock found at sector 6553600 (block=819200, blocksize=4096)

block_group_nr 27

recover_EXT2: "e2fsck -b 884736 -B 4096 device" may be needed
recover_EXT2: s_block_group_nr=27/2048, s_mnt_count=0/4294967295, s_blocks_per_group=32768, s_inodes_per_group=8192
recover_EXT2: s_blocksize=4096
recover_EXT2: s_blocks_count 67108864
recover_EXT2: part_size 536870912
Filesystem created: Wed Apr 10 11:35:05 2019
Ext2 superblock found at sector 7077888 (block=884736, blocksize=4096)

block_group_nr 49

recover_EXT2: "e2fsck -b 1605632 -B 4096 device" may be needed
recover_EXT2: s_block_group_nr=49/2048, s_mnt_count=0/4294967295, s_blocks_per_group=32768, s_inodes_per_group=8192
recover_EXT2: s_blocksize=4096
recover_EXT2: s_blocks_count 67108864
recover_EXT2: part_size 536870912
Filesystem created: Wed Apr 10 11:35:05 2019
Ext2 superblock found at sector 12845056 (block=1605632, blocksize=4096)

block_group_nr 81

recover_EXT2: "e2fsck -b 2654208 -B 4096 device" may be needed
recover_EXT2: s_block_group_nr=81/2048, s_mnt_count=0/4294967295, s_blocks_per_group=32768, s_inodes_per_group=8192
recover_EXT2: s_blocksize=4096
recover_EXT2: s_blocks_count 67108864
recover_EXT2: part_size 536870912
Filesystem created: Wed Apr 10 11:35:05 2019
Ext2 superblock found at sector 21233664 (block=2654208, blocksize=4096)
  ext4                     0   0  1 33418 170 32  536870912
superblock 0, blocksize=4096 []
superblock 32768, blocksize=4096 []
superblock 98304, blocksize=4096 []
superblock 163840, blocksize=4096 []
superblock 229376, blocksize=4096 []
superblock 294912, blocksize=4096 []
superblock 819200, blocksize=4096 []
superblock 884736, blocksize=4096 []
superblock 1605632, blocksize=4096 []
superblock 2654208, blocksize=4096 []

To repair the filesystem using alternate superblock, run
fsck.ext4 -p -b superblock -B blocksize device

TestDisk exited normally.
